
icetime topological timing analysis report
==========================================

Info: max_span_hack is enabled: estimate is conservative.

Report for critical path:
-------------------------

        ram_6_13 (SB_RAM40_4K) [clk] -> RDATA[0]: 1.279 ns
     1.279 ns net_24369 (stackNext[0])
        t6197 (LocalMux) I -> O: 1.099 ns
        inmux_5_14_24434_24460 (InMux) I -> O: 0.662 ns
        lc40_5_14_4 (LogicCell40) in0 -> lcout: 1.285 ns
     4.325 ns net_20535 (user_4_SB_LUT4_I3_O_SB_LUT4_I2_O_SB_LUT4_I0_O_SB_LUT4_O_1_I1_SB_LUT4_O_2_I1_SB_LUT4_O_1_I3_SB_LUT4_I2_I3_SB_CARRY_CO_I1[0])
        t5404 (LocalMux) I -> O: 1.099 ns
        inmux_4_14_20592_20607 (InMux) I -> O: 0.662 ns
        t579 (CascadeMux) I -> O: 0.000 ns
        lc40_4_14_0 (LogicCell40) in2 -> carryout: 0.609 ns
     6.696 ns t417
        lc40_4_14_1 (LogicCell40) carryin -> carryout: 0.278 ns
     6.974 ns t418
        lc40_4_14_2 (LogicCell40) carryin -> carryout: 0.278 ns
     7.252 ns t419
        lc40_4_14_3 (LogicCell40) carryin -> carryout: 0.278 ns
     7.530 ns t420
        lc40_4_14_4 (LogicCell40) carryin -> carryout: 0.278 ns
     7.808 ns t421
        lc40_4_14_5 (LogicCell40) carryin -> carryout: 0.278 ns
     8.086 ns t422
        lc40_4_14_6 (LogicCell40) carryin -> carryout: 0.278 ns
     8.365 ns t423
        lc40_4_14_7 (LogicCell40) carryin -> carryout: 0.278 ns
     8.643 ns net_20646 (user_2_SB_LUT4_I1_O_SB_LUT4_I1_O_SB_LUT4_I0_O_SB_LUT4_O_1_I0_SB_LUT4_O_I1_SB_LUT4_O_I0[7])
        t424 (ICE_CARRY_IN_MUX) carryinitin -> carryinitout: 0.556 ns
        lc40_4_15_0 (LogicCell40) carryin -> carryout: 0.278 ns
     9.477 ns t425
        lc40_4_15_1 (LogicCell40) carryin -> carryout: 0.278 ns
     9.755 ns t426
        lc40_4_15_2 (LogicCell40) carryin -> carryout: 0.278 ns
    10.033 ns t427
        lc40_4_15_3 (LogicCell40) carryin -> carryout: 0.278 ns
    10.311 ns t428
        lc40_4_15_4 (LogicCell40) carryin -> carryout: 0.278 ns
    10.590 ns t429
        lc40_4_15_5 (LogicCell40) carryin -> carryout: 0.278 ns
    10.868 ns t430
        lc40_4_15_6 (LogicCell40) carryin -> carryout: 0.278 ns
    11.146 ns net_20763 (user_2_SB_LUT4_I1_O_SB_LUT4_I1_O_SB_LUT4_I0_O_SB_LUT4_O_1_I0_SB_LUT4_O_I1_SB_LUT4_O_I0[14])
        lc40_4_15_7 (LogicCell40) carryin -> carryout: 0.278 ns
    11.424 ns net_20769 ($nextpnr_ICESTORM_LC_35$I3)
        t438 (ICE_CARRY_IN_MUX) carryinitin -> carryinitout: 0.556 ns
        inmux_4_16_20813_20854 (InMux) I -> O: 0.662 ns
        lc40_4_16_0 (LogicCell40) in3 -> lcout: 0.874 ns
    13.517 ns net_16946 (user_2_SB_LUT4_I1_O_SB_LUT4_I1_O_SB_LUT4_I0_O_SB_LUT4_O_1_I0_SB_LUT4_O_I1_SB_LUT4_O_I0[15])
        t4465 (LocalMux) I -> O: 1.099 ns
        inmux_4_15_20703_20770 (InMux) I -> O: 0.662 ns
        lc40_4_15_7 (LogicCell40) in0 -> lcout: 1.285 ns
    16.563 ns net_16830 (newStackTop_SB_DFFESR_Q_D_SB_LUT4_O_I0_SB_LUT4_O_2_I1_SB_LUT4_O_1_I0_SB_LUT4_O_I3[2])
        odrv_4_15_16830_20558 (Odrv4) I -> O: 0.649 ns
        t4444 (Span4Mux_v4) I -> O: 0.649 ns
        t4443 (Span4Mux_v4) I -> O: 0.649 ns
        t4442 (Span4Mux_v4) I -> O: 0.649 ns
        t4441 (LocalMux) I -> O: 1.099 ns
        inmux_4_4_19358_19399 (InMux) I -> O: 0.662 ns
        lc40_4_4_4 (LogicCell40) in0 -> lcout: 1.285 ns
    22.205 ns net_15474 (newStackTop_SB_DFFESR_Q_D_SB_LUT4_O_I0_SB_LUT4_O_2_I1_SB_LUT4_O_1_I0[3])
        t4071 (LocalMux) I -> O: 1.099 ns
        inmux_4_4_19346_19394 (InMux) I -> O: 0.662 ns
        lc40_4_4_3 (LogicCell40) in1 -> lcout: 1.232 ns
    25.198 ns net_15473 (user_4_SB_LUT4_I3_O_SB_LUT4_I2_O_SB_LUT4_I0_O_SB_LUT4_I0_O_SB_LUT4_I0_O_SB_LUT4_O_9_I0_SB_LUT4_O_1_I0_SB_LUT4_O_1_I0_SB_LUT4_O_I1[2])
        t4070 (LocalMux) I -> O: 1.099 ns
        inmux_3_3_15407_15424 (InMux) I -> O: 0.662 ns
        lc40_3_3_0 (LogicCell40) in3 -> lcout: 0.874 ns
    27.834 ns net_11516 (user_4_SB_LUT4_I3_O_SB_LUT4_I2_O_SB_LUT4_I0_O_SB_LUT4_I0_O_SB_LUT4_I0_O_SB_LUT4_O_9_I0_SB_LUT4_O_1_I0_SB_LUT4_O_1_I0[3])
        t3253 (LocalMux) I -> O: 1.099 ns
        inmux_4_3_19227_19265 (InMux) I -> O: 0.662 ns
        lc40_4_3_2 (LogicCell40) in1 -> lcout: 1.232 ns
    30.827 ns net_15349 (user_4_SB_LUT4_I3_O_SB_LUT4_I2_O_SB_LUT4_I0_O_SB_LUT4_I0_O_SB_LUT4_I0_O_SB_LUT4_O_9_I0_SB_LUT4_O_1_I0[2])
        t4059 (LocalMux) I -> O: 1.099 ns
        inmux_4_2_19106_19171 (InMux) I -> O: 0.662 ns
        lc40_4_2_7 (LogicCell40) in0 -> lcout: 1.285 ns
    33.874 ns net_15195 (user_4_SB_LUT4_I3_O_SB_LUT4_I2_O_SB_LUT4_I0_O_SB_LUT4_I0_O_SB_LUT4_I0_O_SB_LUT4_O_9_I0[0])
        odrv_4_2_15195_15364 (Odrv4) I -> O: 0.649 ns
        t3986 (LocalMux) I -> O: 1.099 ns
        inmux_3_2_15276_15322 (InMux) I -> O: 0.662 ns
    36.284 ns net_15322 (user_4_SB_LUT4_I3_O_SB_LUT4_I2_O_SB_LUT4_I0_O_SB_LUT4_I0_O_SB_LUT4_I0_O_SB_LUT4_O_9_I0[0])
        lc40_3_2_4 (LogicCell40) in0 [setup]: 1.060 ns
    37.344 ns net_11361 (newStackTop[5])

Resolvable net names on path:
     1.279 ns ..  3.040 ns stackNext[0]
     4.325 ns ..  6.087 ns user_4_SB_LUT4_I3_O_SB_LUT4_I2_O_SB_LUT4_I0_O_SB_LUT4_O_1_I1_SB_LUT4_O_2_I1_SB_LUT4_O_1_I3_SB_LUT4_I2_I3_SB_CARRY_CO_I1[0]
     8.643 ns ..  9.199 ns user_2_SB_LUT4_I1_O_SB_LUT4_I1_O_SB_LUT4_I0_O_SB_LUT4_O_1_I0_SB_LUT4_O_I1_SB_LUT4_O_I0[7]
    11.146 ns .. 11.146 ns user_2_SB_LUT4_I1_O_SB_LUT4_I1_O_SB_LUT4_I0_O_SB_LUT4_O_1_I0_SB_LUT4_O_I1_SB_LUT4_O_I0[14]
    11.424 ns .. 12.643 ns $nextpnr_ICESTORM_LC_35$I3
    13.517 ns .. 15.278 ns user_2_SB_LUT4_I1_O_SB_LUT4_I1_O_SB_LUT4_I0_O_SB_LUT4_O_1_I0_SB_LUT4_O_I1_SB_LUT4_O_I0[15]
    16.563 ns .. 20.920 ns newStackTop_SB_DFFESR_Q_D_SB_LUT4_O_I0_SB_LUT4_O_2_I1_SB_LUT4_O_1_I0_SB_LUT4_O_I3[2]
    22.205 ns .. 23.967 ns newStackTop_SB_DFFESR_Q_D_SB_LUT4_O_I0_SB_LUT4_O_2_I1_SB_LUT4_O_1_I0[3]
    25.198 ns .. 26.960 ns user_4_SB_LUT4_I3_O_SB_LUT4_I2_O_SB_LUT4_I0_O_SB_LUT4_I0_O_SB_LUT4_I0_O_SB_LUT4_O_9_I0_SB_LUT4_O_1_I0_SB_LUT4_O_1_I0_SB_LUT4_O_I1[2]
    27.834 ns .. 29.596 ns user_4_SB_LUT4_I3_O_SB_LUT4_I2_O_SB_LUT4_I0_O_SB_LUT4_I0_O_SB_LUT4_I0_O_SB_LUT4_O_9_I0_SB_LUT4_O_1_I0_SB_LUT4_O_1_I0[3]
    30.827 ns .. 32.589 ns user_4_SB_LUT4_I3_O_SB_LUT4_I2_O_SB_LUT4_I0_O_SB_LUT4_I0_O_SB_LUT4_I0_O_SB_LUT4_O_9_I0_SB_LUT4_O_1_I0[2]
    33.874 ns .. 36.284 ns user_4_SB_LUT4_I3_O_SB_LUT4_I2_O_SB_LUT4_I0_O_SB_LUT4_I0_O_SB_LUT4_I0_O_SB_LUT4_O_9_I0[0]
                  lcout -> newStackTop[5]

Total number of logic levels: 25
Total path delay: 37.34 ns (26.78 MHz)

